This is e-upTeX, Version 3.141592653-p4.1.2-u2.00-250202-2.6 (utf8.euc) (TeX Live 2025) (preloaded format=platex 2026.1.21)  1 FEB 2026 00:17
entering extended mode
 restricted \write18 enabled.
 file:line:error style messages enabled.
 %&-line parsing enabled.
**/Users/umeking5/university/lab_research/truecoding/thesis/make_chapter/paper_v2.tex
(/Users/umeking5/university/lab_research/truecoding/thesis/make_chapter/paper_v2.tex
pLaTeX2e <2023-02-14>+1, based on
LaTeX2e <2025-11-01>
L3 programming layer <2026-01-10>

! LaTeX Error: File `kuisthesis.cls' not found.

Type X to quit or <RETURN> to proceed,
or enter new name. (Default extension: cls)

Enter file name: 
/Users/umeking5/university/lab_research/truecoding/thesis/make_chapter/paper_v2.tex:2: Emergency stop.
<read *> 
         
l.2 ^^M
       
*** (cannot \read from terminal in nonstop modes)

 
Here is how much of TeX's memory you used:
 22 strings out of 469427
 601 string characters out of 5462453
 426601 words of memory out of 5000000
 28944 multiletter control sequences out of 15000+600000
 631592 words of font info for 57 fonts, out of 8000000 for 9000
 107 hyphenation exceptions out of 8191
 19i,0n,29p,145b,18s stack positions out of 10000i,1000n,20000p,200000b,200000s
No pages of output.
